// Jest Snapshot v1, https://goo.gl/fbAQLP

exports[`render field without errors renders correctly 1`] = `
<div
  aria-describedby="name-error-text"
  className="MuiFormControl-root-1 field"
>
  <label
    className="MuiFormLabel-root-10 MuiInputLabel-root-5 MuiInputLabel-formControl-6 MuiInputLabel-animated-9"
    data-shrink={false}
    htmlFor="name-error"
  />
  <div
    className="MuiInput-root-17 MuiInput-formControl-18 MuiInput-underline-21"
    max="5"
    min="1"
    onDragStart={[MockFunction]}
    onDrop={[MockFunction]}
  >
    <input
      aria-invalid={false}
      className="MuiInput-input-25 MuiInput-inputType-28"
      disabled={false}
      name="firstName"
      onBlur={[Function]}
      onChange={[Function]}
      onFocus={[Function]}
      required={false}
      type="number"
      value=""
    />
  </div>
</div>
`;
