// Jest Snapshot v1, https://goo.gl/fbAQLP

exports[`render deal without errors renders correctly 1`] = `
<div
  className="deal"
  draggable={true}
  onDoubleClick={[Function]}
  onDrag={[Function]}
  onDragOver={[Function]}
  onDragStart={[Function]}
  style={
    Object {
      "height": NaN,
      "top": NaN,
    }
  }
>
  NaN:NaN
   - 
  NaN:NaN
</div>
`;
